// Jest Snapshot v1, https://goo.gl/fbAQLP

exports[`HelloComponent powinien pasowaÄ‡ do snapshotu 1`] = `"<div id="root0" ng-version="18.2.13"><p>Hello, World!</p></div>"`;
